 gcc -g p1original.c
 gdb a.out
GNU gdb (Ubuntu 8.1.1-0ubuntu1) 8.1.1
Copyright (C) 2018 Free Software Foundation, Inc.
License GPLv3+: GNU GPL version 3 or later <http://gnu.org/licenses/gpl.html>
This is free software: you are free to change and redistribute it.
There is NO WARRANTY, to the extent permitted by law.  Type "show copying"
and "show warranty" for details.
This GDB was configured as "x86_64-linux-gnu".
Type "show configuration" for configuration details.
For bug reporting instructions, please see:
<http://www.gnu.org/software/gdb/bugs/>.
Find the GDB manual and other documentation resources online at:
<http://www.gnu.org/software/gdb/documentation/>.
For help, type "help".
Type "apropos word" to search for commands related to "word"...
Reading symbols from a.out...done.
(gdb) b main
Breakpoint 1 at 0x722: file p1original.c, line 10.
(gdb) n
The program is not being run.
(gdb) r
Starting program: /home/runner/pps-IA1-practice/a.out 
warning: Error disabling address space randomization: Operation not permitted

Breakpoint 1, main () at p1original.c:10
10  {
(gdb) n
12      a = input();
(gdb) s
input (x=1) at p1original.c:26
26      printf("Enter number = ");
(gdb) n
27      scanf("%d", &x);
(gdb) n
Enter number = 10
29      return x;
(gdb) n
30  }
(gdb) n
main () at p1original.c:13
13      b = input();
(gdb) n
Enter number = 12
16      add(a, b, &sum);
(gdb) s
add (x=10, y=12, result=0x7ffe6dbce86c) at p1original.c:34
34      *result = x + y;
(gdb) n
36      return *result ;
(gdb) n
37  }
(gdb) n
main () at p1original.c:18
18      output(a,b, sum);
(gdb) s
output (x=10, y=12, result=22) at p1original.c:41
41      printf("\nThe answer: \n%d + %d = %d",x,y,result);
(gdb) n

The answer: 
42  }
(gdb) n
main () at p1original.c:20
20      return 0;
(gdb) n
22  }
(gdb) c
Continuing.
10 + 12 = 22[Inferior 1 (process 238) exited normally]
(gdb) n
The program is not being run.
(gdb) q
 