 gcc -g p2original.c
 gdb a.out 
GNU gdb (Ubuntu 8.1.1-0ubuntu1) 8.1.1
Copyright (C) 2018 Free Software Foundation, Inc.
License GPLv3+: GNU GPL version 3 or later <http://gnu.org/licenses/gpl.html>
This is free software: you are free to change and redistribute it.
There is NO WARRANTY, to the extent permitted by law.  Type "show copying"
and "show warranty" for details.
This GDB was configured as "x86_64-linux-gnu".
Type "show configuration" for configuration details.
For bug reporting instructions, please see:
<http://www.gnu.org/software/gdb/bugs/>.
Find the GDB manual and other documentation resources online at:
<http://www.gnu.org/software/gdb/documentation/>.
For help, type "help".
Type "apropos word" to search for commands related to "word"...
Reading symbols from a.out...done.
(gdb) b main
Breakpoint 1 at 0x6b2: file p2original.c, line 10.
(gdb) r
Starting program: /home/runner/pps-IA1-practice/a.out 
warning: Error disabling address space randomization: Operation not permitted

Breakpoint 1, main () at p2original.c:10
10      int a = input();
(gdb) s
input (x=1) at p2original.c:24
24      printf("Enter number = ");
(gdb) n
25      scanf("%d", &x);
(gdb) n
Enter number = 15
26      return x;
(gdb) n
27  }
(gdb) n
main () at p2original.c:11
11      int b = input();
(gdb) n
Enter number = 35
12      int c = input();
(gdb) n
Enter number = 3
14      int large_no = largest(a,b,c);
(gdb) s
largest (x=15, y=35, z=3) at p2original.c:33
33      if (x >= y && x >= z)
(gdb) n
36      if (y >= x && y >= z)
(gdb) n
37          large = y;
(gdb) n
39      if (z >= x && z >= y)
(gdb) n
42      return large;
(gdb) n
43  }
(gdb) n
main () at p2original.c:16
16      output(a,b,c,large_no);
(gdb) n

The Largest Number among 15, 35, 3 = 35
18      return 0;
(gdb) c
Continuing.
[Inferior 1 (process 485) exited normally]
(gdb) n
The program is not being run.
(gdb) q